scons: Entering directory `/private/tmp/flashpilot-mads-finish-clean.9xEaIB/repo/panda'
scons: Reading SConscript files ...
gcc: warning: confstr() failed with code 5: couldn't get path of DARWIN_USER_TEMP_DIR; using /tmp instead
xcrun: warning: confstr() failed with code 5: couldn't get path of DARWIN_USER_TEMP_DIR; using /tmp instead
g++: warning: confstr() failed with code 5: couldn't get path of DARWIN_USER_TEMP_DIR; using /tmp instead
xcrun: warning: confstr() failed with code 5: couldn't get path of DARWIN_USER_TEMP_DIR; using /tmp instead
gcc: warning: confstr() failed with code 5: couldn't get path of DARWIN_USER_TEMP_DIR; using /tmp instead
xcrun: warning: confstr() failed with code 5: couldn't get path of DARWIN_USER_TEMP_DIR; using /tmp instead
g++: warning: confstr() failed with code 5: couldn't get path of DARWIN_USER_TEMP_DIR; using /tmp instead
xcrun: warning: confstr() failed with code 5: couldn't get path of DARWIN_USER_TEMP_DIR; using /tmp instead
gcc: warning: confstr() failed with code 5: couldn't get path of DARWIN_USER_TEMP_DIR; using /tmp instead
xcrun: warning: confstr() failed with code 5: couldn't get path of DARWIN_USER_TEMP_DIR; using /tmp instead
g++: warning: confstr() failed with code 5: couldn't get path of DARWIN_USER_TEMP_DIR; using /tmp instead
xcrun: warning: confstr() failed with code 5: couldn't get path of DARWIN_USER_TEMP_DIR; using /tmp instead
gcc: warning: confstr() failed with code 5: couldn't get path of DARWIN_USER_TEMP_DIR; using /tmp instead
xcrun: warning: confstr() failed with code 5: couldn't get path of DARWIN_USER_TEMP_DIR; using /tmp instead
g++: warning: confstr() failed with code 5: couldn't get path of DARWIN_USER_TEMP_DIR; using /tmp instead
xcrun: warning: confstr() failed with code 5: couldn't get path of DARWIN_USER_TEMP_DIR; using /tmp instead
gcc: warning: confstr() failed with code 5: couldn't get path of DARWIN_USER_TEMP_DIR; using /tmp instead
xcrun: warning: confstr() failed with code 5: couldn't get path of DARWIN_USER_TEMP_DIR; using /tmp instead
g++: warning: confstr() failed with code 5: couldn't get path of DARWIN_USER_TEMP_DIR; using /tmp instead
xcrun: warning: confstr() failed with code 5: couldn't get path of DARWIN_USER_TEMP_DIR; using /tmp instead
gcc: warning: confstr() failed with code 5: couldn't get path of DARWIN_USER_TEMP_DIR; using /tmp instead
xcrun: warning: confstr() failed with code 5: couldn't get path of DARWIN_USER_TEMP_DIR; using /tmp instead
g++: warning: confstr() failed with code 5: couldn't get path of DARWIN_USER_TEMP_DIR; using /tmp instead
xcrun: warning: confstr() failed with code 5: couldn't get path of DARWIN_USER_TEMP_DIR; using /tmp instead
scons: done reading SConscript files.
scons: Building targets ...
arm-none-eabi-gcc -mcpu=cortex-m7 -mhard-float -DSTM32H7 -DSTM32H725xx -Iboard/stm32h7/inc -mfpu=fpv5-d16 -DALLOW_DEBUG -DHEALTH_PACKET_VERSION=0x7EBDEB30U -DCAN_PACKET_VERSION_HASH=0x75ABF276U -DJUNGLE_HEALTH_PACKET_VERSION=0xA39967B7U -Wall -Wextra -Wstrict-prototypes -Werror -mlittle-endian -mthumb -nostdlib -fno-builtin -std=gnu11 -fmax-errors=1 -Tboard/stm32h7/stm32h7x5_flash.ld -fsingle-precision-constant -Os -g -o board/stm32h7/board/obj/panda_h7startup_stm32h7x5xx.o -c board/stm32h7/startup_stm32h7x5xx.s
arm-none-eabi-gcc -o board/board/obj/panda_h7main.o -c -mcpu=cortex-m7 -mhard-float -DSTM32H7 -DSTM32H725xx -Iboard/stm32h7/inc -mfpu=fpv5-d16 -DALLOW_DEBUG -DHEALTH_PACKET_VERSION=0x7EBDEB30U -DCAN_PACKET_VERSION_HASH=0x75ABF276U -DJUNGLE_HEALTH_PACKET_VERSION=0xA39967B7U -Wall -Wextra -Wstrict-prototypes -Werror -mlittle-endian -mthumb -nostdlib -fno-builtin -std=gnu11 -fmax-errors=1 -Tboard/stm32h7/stm32h7x5_flash.ld -fsingle-precision-constant -Os -g -I. -Iboard/stm32h7/inc -I/private/tmp/flashpilot-mads-finish-clean.9xEaIB/repo/opendbc_repo board/main.c
gcc -o tests/libpanda/panda.os -c -nostdlib -fno-builtin -std=gnu11 -Wfatal-errors -Wno-pointer-to-int-cast -fPIC -Itests/libpanda -I. -Iboard -I/private/tmp/flashpilot-mads-finish-clean.9xEaIB/repo/opendbc_repo tests/libpanda/panda.c
gcc: warning: confstr() failed with code 5: couldn't get path of DARWIN_USER_TEMP_DIR; using /tmp instead
xcrun: warning: confstr() failed with code 5: couldn't get path of DARWIN_USER_TEMP_DIR; using /tmp instead
gcc -o tests/libpanda/libpanda.so -dynamiclib tests/libpanda/panda.os
gcc: warning: confstr() failed with code 5: couldn't get path of DARWIN_USER_TEMP_DIR; using /tmp instead
xcrun: warning: confstr() failed with code 5: couldn't get path of DARWIN_USER_TEMP_DIR; using /tmp instead
arm-none-eabi-gcc -o board/obj/panda_h7/main.elf -Wl,--section-start,.isr_vector=0x8020000 -mcpu=cortex-m7 -mhard-float -DSTM32H7 -DSTM32H725xx -Iboard/stm32h7/inc -mfpu=fpv5-d16 -DALLOW_DEBUG -DHEALTH_PACKET_VERSION=0x7EBDEB30U -DCAN_PACKET_VERSION_HASH=0x75ABF276U -DJUNGLE_HEALTH_PACKET_VERSION=0xA39967B7U -Wall -Wextra -Wstrict-prototypes -Werror -mlittle-endian -mthumb -nostdlib -fno-builtin -std=gnu11 -fmax-errors=1 -Tboard/stm32h7/stm32h7x5_flash.ld -fsingle-precision-constant -Os -g board/stm32h7/board/obj/panda_h7startup_stm32h7x5xx.o board/board/obj/panda_h7main.o
scons: done building targets.
