...........s............s..s...s...........s............s..s...s........ [  1%]
...s............s..s...s...........s............s..s....s.........ssssss [  3%]
s............................sssssss..................ssssssssssssssssss [  4%]
sssssssssssss...s............s..s...........ssssssssssssssssssssssssssssssssss...s.............. [  6%]
s..s...............s.... [  7%]
..........s..s.......... [  7%]
........................................................................ [  9%]
........................................................................ [ 10%]
............ssssssssssssssssssssssssssssssssssssssssssssssssssssssssssss [ 12%]
sssssssssssssssssssssss...s.............s..s...s................................ [ 14%]
s....... [ 14%]
.ssssssssssssssssssssssssssss...s..........s..s...s..................... [ 15%]
.......s..........s.............s..s...s................................s..........sssss [ 17%]
ssssssssssssssssssssssssssssssssssssssssssssssssssssssssssssssssssssssss [ 19%]
ssssssssssssssssssssssss...s............s..s.s.........s............s..s [ 20%]
.s......ssssssssssssssssssssssssssssssssssssssssssssssssssss..s......... [ 22%]
.s..s.s.........s............s..s.s.........s...............s..s..s..... [ 23%]
...sssssssssssssssssssssssss..s..........s..s.s.........s............s.. [ 25%]
s.s...........s............s..s..s........sssssssssssssssssssssssss..s.. [ 27%]
........s..s.s.........s............s..s.s.......sssssssssss...s........ [ 28%]
..s..s...s..............s..........s..s...s..............s..........s..s [ 30%]
...s..............s..........s..s...s..............s..........s..s...s.. [ 31%]
............s..........s..s...s..............s..........s..s...s........ [ 33%]
......s..........s..s...s................s..............s..s...s........ [ 34%]
..........s.............s..s...s..................s..............s..s... [ 36%]
s.............ssssssssssssssssssssssssssssssssssssssssssssssssssssssssss [ 37%]
sssssssssssssssssss...s..........s..s...s..............s..........s..s.. [ 39%]
.s..............s..........s..s...s..............s..........s..s...s.... [ 41%]
..........s..........s..s...s..............s..........s..s...s.......... [ 42%]
.ssssssssssssssssssssssssssssssssss....s..........s..s...s.............. [ 44%]
.s..........s..s...s...............s..........s..s...s...............s.. [ 45%]
........s..s...s...............s..........s..s...s...............s...... [ 47%]
....s..s...s..............s..........s..s...s..............s..........s. [ 48%]
.s...s................s............s..s...s.............ssssssssssssssss [ 50%]
sssssssssssssssssssssss.....s............s..s...s..................s.... [ 51%]
........s..s...s..................s............s..s...s................. [ 53%]
.s............s..s...s..................s............s..s...s........... [ 54%]
.......s............s..s...s...................s............s..s...s.... [ 56%]
...............s............s..s...s...................s............s..s [ 58%]
...s...................s............s..s...s...................s........ [ 59%]
....s..s...s...................s............s..s...s................s... [ 61%]
.......s..s...s..s.........s.........s..s...s..........s...........s..s. [ 62%]
ss..........s...........s..s.ss..........s...........s..s.ss.......sssss [ 64%]
ssssssssssssssssssssssss..s...........s..s.s.s.........sssssssssssssssss [ 65%]
ssssssssssssssss......s.........s..s...................s.........s..s... [ 67%]
.............sssssssssssssssssssssssssssssssssssssssssssssssssssssssssss [ 68%]
sssssssssssssssss...s..........s..s...s..........sssssssssssssssssssssss [ 70%]
ssssssss...s..........s..s...s.............s.........s..s...s..........s [ 72%]
.........s..s...s...........................ssssssssssssssssssssssssssss [ 73%]
sssssssssss....s.................s..s....................s.............. [ 75%]
...s..s....................s................s..s.....................s.. [ 76%]
..............s..s...................sssssssssssssssssssssssssssss....s. [ 78%]
.............s..s....s.................s................s..s.s.s........ [ 79%]
...s..............s..s....s.............ssssssssssssssssssssssssssssss.. [ 81%]
...s..............s..s....s..................s................s..s.s.s.. [ 82%]
.....ssssssssssssssssssssssssssssss.....s............s..s..s...........s [ 84%]
s...........s..s..s......ssssssssssssssssssssssssssssssssssss.....s..... [ 85%]
................s....s................s.....................s.... [ 87%]
s.............ssssssssssssssssssssssssssssss...s..........s..s... [ 88%]
.s.........ssssssssssssssssssssssssssssss...s.........s..s....s......... [ 90%]
....s...........s..s....s.........sssssssssssssssssssssssssssss...s..... [ 91%]
....s..s...s..............s...........s..s...s................................................................................. [ 94%]
........................................................................ [ 96%]
........................................................................ [ 97%]
........................................................................ [ 99%]
.................................                                        [100%]
3314 passed, 1328 skipped, 9287 subtests passed in 22.82s
